== 0. 設定檢查 ==
== 1. 型別、lint、遷移檔檢查 ==
== 2. 建置（正式設定） ==
== 3. 遷移前站外備份 ==
== 4. 套用遷移（雲端 D1） ==
== 5. 部署程式 ==
Uploaded 17 of 52 assets
Uploaded 35 of 52 assets
Uploaded 52 of 52 assets
✨ Success! Uploaded 52 files (13 already uploaded) (1.37 sec)
Current Version ID: a6f2f714-c4f0-4f98-8d19-06598366d488
== 6. 煙霧測試 ==
首頁 200
== 7. 瀏覽器煙霧測試（Playwright：點連結換頁、console error 0） ==
首頁 HTML：x-yz-cache=HIT x-yz-build=- cf-cache-status=HIT
首頁載入：https://yinzang.dblzm.workers.dev/
點 logo 回首頁：https://yinzang.dblzm.workers.dev/
console error：0
HTTP 錯誤回應／失敗請求：1
  請求失敗 fetch https://yinzang.dblzm.workers.dev/?_rsc：net::ERR_ABORTED
瀏覽器煙霧測試通過
DEPLOY_EXIT 0
